== arc-swap #210 hammer 2026-10-03T09:20:14Z
host: Darwin 25.6.0 arm64
rustc: rustc 1.98.1 (48a229cea 2026-09-01)
arc-swap: version = "1.9.2"
features: <none>  iters: 1000  load: /Users/katopz/git/arc-swap-210-repro.genlock/load
warm-up build...
load started (pids 36702 36703)
iter 25: mystery=0 mundane=0 other=0 (load 23.97 24.61 18.97)
iter 50: mystery=0 mundane=0 other=0 (load 25.01 24.82 19.07)
iter 75: mystery=0 mundane=0 other=0 (load 27.09 25.25 19.26)
iter 100: mystery=0 mundane=0 other=0 (load 28.61 25.60 19.42)
iter 125: mystery=0 mundane=0 other=0 (load 32.80 26.52 19.78)
iter 150: mystery=0 mundane=0 other=0 (load 34.82 27.04 20.00)
iter 175: mystery=0 mundane=0 other=0 (load 34.82 27.04 20.00)
iter 200: mystery=0 mundane=0 other=0 (load 36.68 27.55 20.22)
iter 225: mystery=0 mundane=0 other=0 (load 40.23 28.44 20.58)
iter 250: mystery=0 mundane=0 other=0 (load 44.84 29.83 21.17)
iter 275: mystery=0 mundane=0 other=0 (load 44.84 29.83 21.17)
iter 300: mystery=0 mundane=0 other=0 (load 46.62 30.45 21.44)
iter 325: mystery=0 mundane=0 other=0 (load 48.01 31.01 21.68)
iter 350: mystery=0 mundane=0 other=0 (load 48.33 31.36 21.86)
iter 375: mystery=0 mundane=0 other=0 (load 48.78 31.73 22.05)
iter 400: mystery=0 mundane=0 other=0 (load 49.76 32.22 22.28)
iter 425: mystery=0 mundane=0 other=0 (load 53.54 33.29 22.71)
iter 450: mystery=0 mundane=0 other=0 (load 54.22 33.77 22.94)
iter 475: mystery=0 mundane=0 other=0 (load 54.22 33.77 22.94)
iter 500: mystery=0 mundane=0 other=0 (load 56.20 34.52 23.27)
iter 525: mystery=0 mundane=0 other=0 (load 58.59 35.37 23.64)
iter 550: mystery=0 mundane=0 other=0 (load 59.10 35.87 23.88)
iter 575: mystery=0 mundane=0 other=0 (load 63.10 37.08 24.38)
iter 600: mystery=0 mundane=0 other=0 (load 63.73 37.64 24.65)
iter 625: mystery=0 mundane=0 other=0 (load 65.83 38.51 25.04)
iter 650: mystery=0 mundane=0 other=0 (load 68.41 39.50 25.46)
iter 675: mystery=0 mundane=0 other=0 (load 71.82 40.69 25.96)
iter 700: mystery=0 mundane=0 other=0 (load 71.82 40.69 25.96)
iter 725: mystery=0 mundane=0 other=0 (load 72.71 41.39 26.30)
iter 750: mystery=0 mundane=0 other=0 (load 72.82 41.93 26.58)
iter 775: mystery=0 mundane=0 other=0 (load 73.95 42.68 26.93)
iter 800: mystery=0 mundane=0 other=0 (load 73.80 43.16 27.20)
iter 825: mystery=0 mundane=0 other=0 (load 74.45 43.81 27.52)
iter 850: mystery=0 mundane=0 other=0 (load 77.06 44.86 27.98)
iter 875: mystery=0 mundane=0 other=0 (load 77.06 44.86 27.98)
iter 900: mystery=0 mundane=0 other=0 (load 77.21 45.42 28.28)
iter 925: mystery=0 mundane=0 other=0 (load 78.08 46.13 28.63)
iter 950: mystery=0 mundane=0 other=0 (load 78.31 46.71 28.94)
iter 975: mystery=0 mundane=0 other=0 (load 79.01 47.38 29.28)
iter 1000: mystery=0 mundane=0 other=0 (load 79.01 47.90 29.57)
== DONE iters=1000 mystery=0 mundane=0 other=0
